<T>
  <TT>
    <k>
      .
    </k>
    <state>
      <multisig-state>
        <users>
          <num-users>
            u ( 1 )
          </num-users>
          <user-id-to-address>
            u ( 1 ) |-> address ( 7 )
          </user-id-to-address>
          <address-to-user-id>
            address ( 7 ) |-> u ( 1 )
          </address-to-user-id>
        </users>
        <board-state>
          <num-board-members>
            u ( 1 )
          </num-board-members>
          <num-proposers>
            u ( 0 )
          </num-proposers>
          <user-roles>
            u ( 1 ) |-> BoardMember
          </user-roles>
          <quorum>
            u ( 1 )
          </quorum>
        </board-state>
        <action-state>
          <action-last-index>
            u ( 1 )
          </action-last-index>
          <actions>
            <action-data>
              u ( 1 ) |-> AddProposer ( address ( 9 ) )
            </action-data>
            <action-signers>
              .Map
            </action-signers>
          </actions>
        </action-state>
      </multisig-state>
      <pseudocode-state>
        <variables>
          .Map
        </variables>
        <stack>
          .List
        </stack>
      </pseudocode-state>
      <external-call-env>
        <caller-address>
          uninitialized
        </caller-address>
      </external-call-env>
    </state>
  </TT>
</T>
